#-----------------------------------------------------------
# Vivado v2020.2 (64-bit)
# SW Build 3064766 on Wed Nov 18 09:12:45 MST 2020
# IP Build 3064653 on Wed Nov 18 14:17:31 MST 2020
# Start of session at: Sat Mar  6 17:58:46 2021
# Process ID: 13000
# Current directory: C:/Users/eziok/Desktop/Everything/distancni vyuka 2021/Digital-electronics-1/Labs/03_vivado/multiplexor
# Command line: vivado.exe -gui_launcher_event rodinguilauncherevent4704 C:\Users\eziok\Desktop\Everything\distancni vyuka 2021\Digital-electronics-1\Labs\03_vivado\multiplexor\multiplexor.xpr
# Log file: C:/Users/eziok/Desktop/Everything/distancni vyuka 2021/Digital-electronics-1/Labs/03_vivado/multiplexor/vivado.log
# Journal file: C:/Users/eziok/Desktop/Everything/distancni vyuka 2021/Digital-electronics-1/Labs/03_vivado/multiplexor\vivado.jou
#-----------------------------------------------------------
start_gui
open_project {C:/Users/eziok/Desktop/Everything/distancni vyuka 2021/Digital-electronics-1/Labs/03_vivado/multiplexor/multiplexor.xpr}
update_compile_order -fileset sources_1
launch_simulation
source tb_mux_2bit_4to1.tcl
close_sim
