#-----------------------------------------------------------
# Vivado v2020.2 (64-bit)
# SW Build 3064766 on Wed Nov 18 09:12:45 MST 2020
# IP Build 3064653 on Wed Nov 18 14:17:31 MST 2020
# Start of session at: Fri Mar  5 22:45:09 2021
# Process ID: 3140
# Current directory: C:/Users/eziok/Desktop/Everything/distancni vyuka 2021/Digital-electronics-1/Labs/03_vivado/multiplexor
# Command line: vivado.exe -gui_launcher_event rodinguilauncherevent7708 C:\Users\eziok\Desktop\Everything\distancni vyuka 2021\Digital-electronics-1\Labs\03_vivado\multiplexor\multiplexor.xpr
# Log file: C:/Users/eziok/Desktop/Everything/distancni vyuka 2021/Digital-electronics-1/Labs/03_vivado/multiplexor/vivado.log
# Journal file: C:/Users/eziok/Desktop/Everything/distancni vyuka 2021/Digital-electronics-1/Labs/03_vivado/multiplexor\vivado.jou
#-----------------------------------------------------------
start_gui
opopen_project {C:/Users/eziok/Desktop/Everything/distancni vyuka 2021/Digital-electronics-1/Labs/03_vivado/multiplexor/multiplexor.xprupupdate_compile_order -fileset sources_1
launch_simulation
source tb_mux_2bit_4to1.tcl
relaunch_sim
add_bp {C:/Users/eziok/Desktop/Everything/distancni vyuka 2021/Digital-electronics-1/Labs/03_vivado/multiplexor/multiplexor.srcs/sim_1/new/tb_mux_2bit_4to1.vhd} 70
close_sim
launch_simulation
source tb_mux_2bit_4to1.tcl
remove_bps -file {C:/Users/eziok/Desktop/Everything/distancni vyuka 2021/Digital-electronics-1/Labs/03_vivado/multiplexor/multiplexor.srcs/sim_1/new/tb_mux_2bit_4to1.vhd} -line 70
add_bp {C:/Users/eziok/Desktop/Everything/distancni vyuka 2021/Digital-electronics-1/Labs/03_vivado/multiplexor/multiplexor.srcs/sim_1/new/tb_mux_2bit_4to1.vhd} 70
remove_bps -file {C:/Users/eziok/Desktop/Everything/distancni vyuka 2021/Digital-electronics-1/Labs/03_vivado/multiplexor/multiplexor.srcs/sim_1/new/tb_mux_2bit_4to1.vhd} -line 70
relaunch_sim
close_sim
